In file included from /Users/alsc/MyProject/sdk/mydart/sdk/pkg/dart2cpp/sample/cpp_generated/collections.cpp:1:
In file included from /Users/alsc/MyProject/sdk/mydart/sdk/pkg/dart2cpp/cpp/core/dart2cpp.h:13:
/Users/alsc/MyProject/sdk/mydart/sdk/pkg/dart2cpp/cpp/core/dart_object.h:1614:40: warning: unused parameter 'value' [-Wunused-parameter]
Bool Map<K, V>::containsValue(const V& value) const {
                                       ^
/Users/alsc/MyProject/sdk/mydart/sdk/pkg/dart2cpp/sample/cpp_generated/collections.cpp:10:18: error: use of undeclared identifier '_GrowableList'
auto emptyList = _GrowableList::(dart_int(0));
                 ^
/Users/alsc/MyProject/sdk/mydart/sdk/pkg/dart2cpp/sample/cpp_generated/collections.cpp:10:33: error: expected unqualified-id
auto emptyList = _GrowableList::(dart_int(0));
                                ^
/Users/alsc/MyProject/sdk/mydart/sdk/pkg/dart2cpp/sample/cpp_generated/collections.cpp:17:71: error: expected unqualified-id
dart_print(dart_concat(dart_string("    第一个数字: "), numbers->[](dart_int(0))));
                                                                 ^
/Users/alsc/MyProject/sdk/mydart/sdk/pkg/dart2cpp/sample/cpp_generated/collections.cpp:17:72: error: expected expression
dart_print(dart_concat(dart_string("    第一个数字: "), numbers->[](dart_int(0))));
                                                                  ^
/Users/alsc/MyProject/sdk/mydart/sdk/pkg/dart2cpp/sample/cpp_generated/collections.cpp:18:73: error: expected unqualified-id
dart_print(dart_concat(dart_string("    最后一个水果: "), fruits->[]((fruits->size() - dart_int(1)))));
                                                                  ^
/Users/alsc/MyProject/sdk/mydart/sdk/pkg/dart2cpp/sample/cpp_generated/collections.cpp:18:74: error: expected expression
dart_print(dart_concat(dart_string("    最后一个水果: "), fruits->[]((fruits->size() - dart_int(1)))));
                                                                   ^
/Users/alsc/MyProject/sdk/mydart/sdk/pkg/dart2cpp/sample/cpp_generated/collections.cpp:19:68: error: reference to non-static member function must be called; did you mean to call it with no arguments?
dart_print(dart_concat(dart_string("    使用 first: "), numbers->first));
                                                        ~~~~~~~~~^~~~~
/Users/alsc/MyProject/sdk/mydart/sdk/pkg/dart2cpp/cpp/core/object_extensions.h:114:19: note: expanded from macro 'dart_print'
    std::cout << (value).toString().getValue() << std::endl;                   \
                  ^~~~~
/Users/alsc/MyProject/sdk/mydart/sdk/pkg/dart2cpp/sample/cpp_generated/collections.cpp:20:67: error: reference to non-static member function must be called; did you mean to call it with no arguments?
dart_print(dart_concat(dart_string("    使用 last: "), numbers->last));
                                                       ~~~~~~~~~^~~~
/Users/alsc/MyProject/sdk/mydart/sdk/pkg/dart2cpp/cpp/core/object_extensions.h:114:19: note: expanded from macro 'dart_print'
    std::cout << (value).toString().getValue() << std::endl;                   \
                  ^~~~~
/Users/alsc/MyProject/sdk/mydart/sdk/pkg/dart2cpp/sample/cpp_generated/collections.cpp:21:10: error: expected unqualified-id
numbers->[]=(dart_int(0), dart_int(10));
         ^
/Users/alsc/MyProject/sdk/mydart/sdk/pkg/dart2cpp/sample/cpp_generated/collections.cpp:21:11: error: expected expression
numbers->[]=(dart_int(0), dart_int(10));
          ^
/Users/alsc/MyProject/sdk/mydart/sdk/pkg/dart2cpp/sample/cpp_generated/collections.cpp:24:10: error: no member named 'addAll' in 'List<Int>'
numbers->addAll(dart_literal(dart_int(7), dart_int(8), dart_int(9)));
~~~~~~~~~^
/Users/alsc/MyProject/sdk/mydart/sdk/pkg/dart2cpp/sample/cpp_generated/collections.cpp:27:10: error: no member named 'insertAll' in 'List<Int>'
numbers->insertAll(dart_int(2), dart_literal(dart_int(11), dart_int(12)));
~~~~~~~~~^
/Users/alsc/MyProject/sdk/mydart/sdk/pkg/dart2cpp/sample/cpp_generated/collections.cpp:31:10: error: no member named 'removeLast' in 'List<Int>'
numbers->removeLast();
~~~~~~~~~^
/Users/alsc/MyProject/sdk/mydart/sdk/pkg/dart2cpp/sample/cpp_generated/collections.cpp:36:71: error: reference to non-static member function must be called; did you mean to call it with no arguments?
dart_print(dart_concat(dart_string("    是否不为空: "), numbers->isNotEmpty));
                                                        ~~~~~~~~~^~~~~~~~~~
/Users/alsc/MyProject/sdk/mydart/sdk/pkg/dart2cpp/cpp/core/object_extensions.h:114:19: note: expanded from macro 'dart_print'
    std::cout << (value).toString().getValue() << std::endl;                   \
                  ^~~~~
/Users/alsc/MyProject/sdk/mydart/sdk/pkg/dart2cpp/sample/cpp_generated/collections.cpp:38:26: error: reference to non-static member function must be called; did you mean to call it with no arguments?
auto reversed = numbers->reversed->toList();
                ~~~~~~~~~^~~~~~~~
                                 ()
/Users/alsc/MyProject/sdk/mydart/sdk/pkg/dart2cpp/sample/cpp_generated/collections.cpp:49:47: error: member reference type 'String' is not a pointer; did you mean to use '.'?
words->sort([&](String a, String b) { return a->size()->compareTo(b->size()); });
                                             ~^~
                                              .
/Users/alsc/MyProject/sdk/mydart/sdk/pkg/dart2cpp/sample/cpp_generated/collections.cpp:49:49: error: no member named 'size' in 'String'
words->sort([&](String a, String b) { return a->size()->compareTo(b->size()); });
                                             ~  ^
/Users/alsc/MyProject/sdk/mydart/sdk/pkg/dart2cpp/sample/cpp_generated/collections.cpp:49:68: error: member reference type 'String' is not a pointer; did you mean to use '.'?
words->sort([&](String a, String b) { return a->size()->compareTo(b->size()); });
                                                                  ~^~
                                                                   .
/Users/alsc/MyProject/sdk/mydart/sdk/pkg/dart2cpp/sample/cpp_generated/collections.cpp:49:70: error: no member named 'size' in 'String'
words->sort([&](String a, String b) { return a->size()->compareTo(b->size()); });
                                                                  ~  ^
fatal error: too many errors emitted, stopping now [-ferror-limit=]
1 warning and 20 errors generated.
