cpp_generated/collections.cpp:13:16: error: use of undeclared identifier '_GrowableList'
auto numbers = _GrowableList::_literal5(dart_int(1), dart_int(2), dart_int(3), dart_int(4), dart_int(5));
               ^
cpp_generated/collections.cpp:14:15: error: use of undeclared identifier '_GrowableList'
auto fruits = _GrowableList::_literal3(dart_string("apple"), dart_string("banana"), dart_string("orange"));
              ^
cpp_generated/collections.cpp:15:14: error: use of undeclared identifier '_GrowableList'
auto mixed = _GrowableList::_literal4(dart_int(1), dart_string("hello"), dart_bool(true), dart_double(3.14));
             ^
cpp_generated/collections.cpp:16:18: error: use of undeclared identifier '_GrowableList'
auto emptyList = _GrowableList::(dart_int(0));
                 ^
cpp_generated/collections.cpp:16:33: error: expected unqualified-id
auto emptyList = _GrowableList::(dart_int(0));
                                ^
cpp_generated/collections.cpp:23:61: error: expected unqualified-id
dart_print(dart_string("    第一个数字: ") + (numbers->[](dart_int(0))).toString());
                                                       ^
cpp_generated/collections.cpp:23:62: error: expected expression
dart_print(dart_string("    第一个数字: ") + (numbers->[](dart_int(0))).toString());
                                                        ^
cpp_generated/collections.cpp:24:63: error: expected unqualified-id
dart_print(dart_string("    最后一个水果: ") + (fruits->[]((fruits->size() - dart_int(1)))).toString());
                                                        ^
cpp_generated/collections.cpp:24:64: error: expected expression
dart_print(dart_string("    最后一个水果: ") + (fruits->[]((fruits->size() - dart_int(1)))).toString());
                                                         ^
cpp_generated/collections.cpp:27:10: error: expected unqualified-id
numbers->[]=(dart_int(0), dart_int(10));
         ^
cpp_generated/collections.cpp:27:11: error: expected expression
numbers->[]=(dart_int(0), dart_int(10));
          ^
cpp_generated/collections.cpp:30:17: error: use of undeclared identifier '_GrowableList'
numbers->addAll(_GrowableList::_literal3(dart_int(7), dart_int(8), dart_int(9)));
                ^
cpp_generated/collections.cpp:33:33: error: use of undeclared identifier '_GrowableList'
numbers->insertAll(dart_int(2), _GrowableList::_literal2(dart_int(11), dart_int(12)));
                                ^
cpp_generated/collections.cpp:51:17: error: use of undeclared identifier '_GrowableList'
auto unsorted = _GrowableList::_literal6(dart_int(5), dart_int(2), dart_int(8), dart_int(1), dart_int(9), dart_int(3));
                ^
cpp_generated/collections.cpp:54:14: error: use of undeclared identifier '_GrowableList'
auto words = _GrowableList::_literal4(dart_string("banana"), dart_string("apple"), dart_string("cherry"), dart_string("date"));
             ^
cpp_generated/collections.cpp:55:60: error: member reference type 'String' is not a pointer; did you mean to use '.'?
words->sort(makeFunction([&](String a, String b) { return a->size()->compareTo(b->size()); }));
                                                          ~^~
                                                           .
cpp_generated/collections.cpp:55:62: error: no member named 'size' in 'String'
words->sort(makeFunction([&](String a, String b) { return a->size()->compareTo(b->size()); }));
                                                          ~  ^
cpp_generated/collections.cpp:55:81: error: member reference type 'String' is not a pointer; did you mean to use '.'?
words->sort(makeFunction([&](String a, String b) { return a->size()->compareTo(b->size()); }));
                                                                               ~^~
                                                                                .
cpp_generated/collections.cpp:55:83: error: no member named 'size' in 'String'
words->sort(makeFunction([&](String a, String b) { return a->size()->compareTo(b->size()); }));
                                                                               ~  ^
fatal error: too many errors emitted, stopping now [-ferror-limit=]
20 errors generated.
