/Users/alsc/MyProject/sdk/mydart/sdk/pkg/dart2cpp/sample/output/basic_syntax.cpp:29:6: warning: unused variable 'emptyString' [-Wunused-variable]
auto emptyString = dart_string("");
     ^
In file included from /Users/alsc/MyProject/sdk/mydart/sdk/pkg/dart2cpp/sample/output/basic_syntax.cpp:1:
In file included from /Users/alsc/MyProject/sdk/mydart/sdk/pkg/dart2cpp/cpp/core/dart2cpp.h:35:
/Users/alsc/MyProject/sdk/mydart/sdk/pkg/dart2cpp/cpp/core/dart_helpers.h:99:19: warning: unused function 'sqrt' [-Wunused-function]
    static Double sqrt(const Double& value) {
                  ^
/Users/alsc/MyProject/sdk/mydart/sdk/pkg/dart2cpp/cpp/core/dart_helpers.h:103:19: warning: unused function 'abs' [-Wunused-function]
    static Double abs(const Double& value) {
                  ^
/Users/alsc/MyProject/sdk/mydart/sdk/pkg/dart2cpp/cpp/core/dart_helpers.h:107:19: warning: unused function 'pow' [-Wunused-function]
    static Double pow(const Double& base, const Double& exponent) {
                  ^
/Users/alsc/MyProject/sdk/mydart/sdk/pkg/dart2cpp/cpp/core/dart_helpers.h:111:19: warning: unused function 'sin' [-Wunused-function]
    static Double sin(const Double& value) {
                  ^
/Users/alsc/MyProject/sdk/mydart/sdk/pkg/dart2cpp/cpp/core/dart_helpers.h:115:19: warning: unused function 'cos' [-Wunused-function]
    static Double cos(const Double& value) {
                  ^
/Users/alsc/MyProject/sdk/mydart/sdk/pkg/dart2cpp/cpp/core/dart_helpers.h:119:19: warning: unused function 'tan' [-Wunused-function]
    static Double tan(const Double& value) {
                  ^
In file included from /Users/alsc/MyProject/sdk/mydart/sdk/pkg/dart2cpp/sample/output/basic_syntax.cpp:1:
In file included from /Users/alsc/MyProject/sdk/mydart/sdk/pkg/dart2cpp/cpp/core/dart2cpp.h:13:
/Users/alsc/MyProject/sdk/mydart/sdk/pkg/dart2cpp/cpp/core/dart_object.h:849:11: warning: unused type alias 'return_type' [-Wunused-local-typedef]
    using return_type = typename traits::return_type;
          ^
8 warnings generated.
duplicate symbol 'StringUtils::repeat(String const&, Int const&)' in:
    /var/folders/2w/b_zy0hyd7r13l0tkvw7hdrcc0000ks/T/basic_syntax-0feb4b.o
    /Users/alsc/MyProject/sdk/mydart/sdk/pkg/dart2cpp/cpp/build/dart_object.o
duplicate symbol 'StringUtils::parseInt(String const&)' in:
    /var/folders/2w/b_zy0hyd7r13l0tkvw7hdrcc0000ks/T/basic_syntax-0feb4b.o
    /Users/alsc/MyProject/sdk/mydart/sdk/pkg/dart2cpp/cpp/build/dart_object.o
duplicate symbol 'StringUtils::reverse(String const&)' in:
    /var/folders/2w/b_zy0hyd7r13l0tkvw7hdrcc0000ks/T/basic_syntax-0feb4b.o
    /Users/alsc/MyProject/sdk/mydart/sdk/pkg/dart2cpp/cpp/build/dart_object.o
duplicate symbol 'StringUtils::parseDouble(String const&)' in:
    /var/folders/2w/b_zy0hyd7r13l0tkvw7hdrcc0000ks/T/basic_syntax-0feb4b.o
    /Users/alsc/MyProject/sdk/mydart/sdk/pkg/dart2cpp/cpp/build/dart_object.o
duplicate symbol 'StringUtils::isNumeric(String const&)' in:
    /var/folders/2w/b_zy0hyd7r13l0tkvw7hdrcc0000ks/T/basic_syntax-0feb4b.o
    /Users/alsc/MyProject/sdk/mydart/sdk/pkg/dart2cpp/cpp/build/dart_object.o
duplicate symbol 'Math::PI' in:
    /var/folders/2w/b_zy0hyd7r13l0tkvw7hdrcc0000ks/T/basic_syntax-0feb4b.o
    /Users/alsc/MyProject/sdk/mydart/sdk/pkg/dart2cpp/cpp/build/dart_object.o
duplicate symbol 'CollectionUtils::average(ObjectPtr<List<Int> > const&)' in:
    /var/folders/2w/b_zy0hyd7r13l0tkvw7hdrcc0000ks/T/basic_syntax-0feb4b.o
    /Users/alsc/MyProject/sdk/mydart/sdk/pkg/dart2cpp/cpp/build/dart_object.o
duplicate symbol 'CollectionUtils::average(ObjectPtr<List<Double> > const&)' in:
    /var/folders/2w/b_zy0hyd7r13l0tkvw7hdrcc0000ks/T/basic_syntax-0feb4b.o
    /Users/alsc/MyProject/sdk/mydart/sdk/pkg/dart2cpp/cpp/build/dart_object.o
duplicate symbol 'Math::E' in:
    /var/folders/2w/b_zy0hyd7r13l0tkvw7hdrcc0000ks/T/basic_syntax-0feb4b.o
    /Users/alsc/MyProject/sdk/mydart/sdk/pkg/dart2cpp/cpp/build/dart_object.o
ld: 9 duplicate symbols for architecture arm64
clang: error: linker command failed with exit code 1 (use -v to see invocation)
